{
  "Resources" : {
    "Topic3DEAE47A7" : {
      "Type" : "AWS::SNS::Topic"
    },
    "MySinkQueueEFCD79C2" : {
      "Type" : "AWS::SQS::Queue",
      "DeletionPolicy": "Delete",
      "UpdateReplacePolicy": "Delete"
    },
    "MySinkQueueTopic1CE70DEAE" : {
      "Type" : "AWS::SNS::Subscription",
      "Properties" : {
        "Endpoint" : {
          "Fn::GetAtt" : [ "MySinkQueueEFCD79C2", "Arn" ]
        },
        "TopicArn" : {
          "Ref" : "Topic198E71B3E"
        },
        "Protocol" : "sqs"
      }
    },
    "MySinkQueuePolicy3E2D0B9E" : {
      "Type" : "AWS::SQS::QueuePolicy",
      "Properties" : {
        "PolicyDocument" : {
          "Version" : "2012-10-17",
          "Statement" : [ {
            "Condition" : {
              "ArnEquals" : {
                "aws:SourceArn" : {
                  "Ref" : "Topic198E71B3E"
                }
              }
            },
            "Action" : "sqs:SendMessage",
            "Resource" : {
              "Fn::GetAtt" : [ "MySinkQueueEFCD79C2", "Arn" ]
            },
            "Effect" : "Allow",
            "Principal" : {
              "Service" : "sns.amazonaws.com"
            }
          }, {
            "Condition" : {
              "ArnEquals" : {
                "aws:SourceArn" : {
                  "Ref" : "Topic269377B75"
                }
              }
            },
            "Action" : "sqs:SendMessage",
            "Resource" : {
              "Fn::GetAtt" : [ "MySinkQueueEFCD79C2", "Arn" ]
            },
            "Effect" : "Allow",
            "Principal" : {
              "Service" : "sns.amazonaws.com"
            }
          }, {
            "Condition" : {
              "ArnEquals" : {
                "aws:SourceArn" : {
                  "Ref" : "Topic3DEAE47A7"
                }
              }
            },
            "Action" : "sqs:SendMessage",
            "Resource" : {
              "Fn::GetAtt" : [ "MySinkQueueEFCD79C2", "Arn" ]
            },
            "Effect" : "Allow",
            "Principal" : {
              "Service" : "sns.amazonaws.com"
            }
          } ]
        },
        "Queues" : [ {
          "Ref" : "MySinkQueueEFCD79C2"
        } ]
      }
    },
    "MySinkQueueTopic30DEF4035" : {
      "Type" : "AWS::SNS::Subscription",
      "Properties" : {
        "Endpoint" : {
          "Fn::GetAtt" : [ "MySinkQueueEFCD79C2", "Arn" ]
        },
        "TopicArn" : {
          "Ref" : "Topic3DEAE47A7"
        },
        "Protocol" : "sqs"
      }
    },
    "Topic269377B75" : {
      "Type" : "AWS::SNS::Topic"
    },
    "MySinkQueueTopic227CE18C6" : {
      "Type" : "AWS::SNS::Subscription",
      "Properties" : {
        "Endpoint" : {
          "Fn::GetAtt" : [ "MySinkQueueEFCD79C2", "Arn" ]
        },
        "TopicArn" : {
          "Ref" : "Topic269377B75"
        },
        "Protocol" : "sqs"
      }
    },
    "Topic198E71B3E" : {
      "Type" : "AWS::SNS::Topic"
    }
  },
  "Parameters": {
    "BootstrapVersion": {
      "Type": "AWS::SSM::Parameter::Value<String>",
      "Default": "/cdk-bootstrap/hnb659fds/version",
      "Description": "Version of the CDK Bootstrap resources in this environment, automatically retrieved from SSM Parameter Store. [cdk:skip]"
    }
  },
  "Rules": {
    "CheckBootstrapVersion": {
      "Assertions": [ {
        "Assert": {
          "Fn::Not": [ {
            "Fn::Contains": [ [ "1", "2", "3", "4", "5" ], {
              "Ref": "BootstrapVersion"
            } ]
          } ]
        },
        "AssertDescription": "CDK bootstrap stack version 6 required. Please run 'cdk bootstrap' with a recent version of the CDK CLI."
      } ]
    }
  }
}
